27816;29508
1707116;1708817
3387109;3388810
5067109;5068810
6747109;6748810
8427109;8428810
10107109;10108810
11787109;11788810
13467109;13468810
15147109;15148810
16827109;16828810
18507109;18508810
20187109;20188810
21867109;21868810
23547109;23548810
25227109;25228810
26907109;26908810
28587109;28588810
30267109;30268810
31947109;31948810
33627109;33628810
35307109;35308810
36987109;36988810
38667109;38668810
40347109;40348810
42027109;42028810
43707109;43708810
45387109;45388810
47067109;47068810
48747109;48748810
50427109;50428810
52107109;52108810
53787109;53788810
55467109;55468810
57147109;57148810
58827109;58828810
60507109;60508810
62187109;62188810
63867109;63868810
65547109;65548810
67227109;67228810
68907109;68908810
70587109;70588810
72267109;72268810
73947109;73948810
75627109;75628810
77307109;77308810
78987109;78988810
80667109;80668810
82347109;82348810
84027109;84028810
85707109;85708810
87387109;87388810
89067109;89068810
90747109;90748810
92427109;92428810
94107109;94108810
95787109;95788810
97467109;97468810
99147109;99148810
100827109;100828810
102507109;102508810
104187109;104188810
105867109;105868810
107547109;107548810
109227109;109228810
110907109;110908810
112587109;112588810
114267109;114268810
115947109;115948810
117627109;117628810
119307109;119308810
120987109;120988810
122667109;122668810
124347109;124348810
126027109;126028810
127707109;127708810
129387109;129388810
131067109;131068810
132747109;132748810
134427109;134428810
136107109;136108810
137787109;137788810
139467109;139468810
141147109;141148810
142827109;142828810
144507109;144508810
146187109;146188810
147867109;147868810
149547109;149548810
151227109;151228810
152907109;152908810
154587109;154588810
156267109;156268810
157947109;157948810
159627109;159628810
161307109;161308810
162987109;162988810
164667109;164668810
166347109;166348810
168027109;168028810
169707109;169708810
171387109;171388810
173067109;173068810
174747109;174748810
176427109;176428810
178107109;178108810
179787109;179788810
181467109;181468810
183147109;183148810
184827109;184828810
186507109;186508810
188187109;188188810
189867109;189868810
191547109;191548810
193227109;193228810
194907109;194908810
196587109;196588810
198267109;198268810
199947109;199948810
201627109;201628810
203307109;203308810
204987109;204988810
206667109;206668810
208347109;208348810
210027109;210028810
211707109;211708810
213387109;213388810
215067109;215068810
216747109;216748810
218427109;218428810
220107109;220108810
221787109;221788810
223467109;223468810
225147109;225148810
226827109;226828810
228507109;228508810
230187109;230188810
231867109;231868810
233547109;233548810
235227109;235228810
236907109;236908810
238587109;238588810
240267109;240268810
241947109;241948810
243627109;243628810
245307109;245308810
246987109;246988810
248667109;248668810
250347109;250348810
252027109;252028810
253707109;253708810
255387109;255388810
257067109;257068810
258747109;258748810
260427109;260428810
262107109;262108810
263787109;263788810
265467109;265468810
267147109;267148810
268827109;268828810
270507109;270508810
272187109;272188810
273867109;273868810
275547109;275548810
277227109;277228810
278907109;278908810
280587109;280588810
282267109;282268810
283947109;283948810
285627109;285628810
287307109;287308810
288987109;288988810
290667109;290668810
292347109;292348810
294027109;294028810
295707109;295708810
297387109;297388810
299067109;299068810
300747109;300748810
302427109;302428810
304107109;304108810
305787109;305788810
307467109;307468810
309147109;309148810
310827109;310828810
312507109;312508810
314187109;314188810
315867109;315868810
317547109;317548810
319227109;319228810
320907109;320908810
322587109;322588810
324267109;324268810
325947109;325948810
327627109;327628810
329307109;329308810
330987109;330988810
332667109;332668810
334347109;334348810
336027109;336028810
337707109;337708810
339387109;339388810
341067109;341068810
342747109;342748810
344427109;344428810
346107109;346108810
347787109;347788810
349467109;349468810
351147109;351148810
352827109;352828810
354507109;354508810
356187109;356188810
357867109;357868810
359547109;359548810
361227109;361228810
362907109;362908810
364587109;364588810
366267109;366268810
367947109;367948810
369627109;369628810
371307109;371308810
372987109;372988810
374667109;374668810
376347109;376348810
378027109;378028810
379707109;379708810
381387109;381388810
383067109;383068810
384747109;384748810
386427109;386428810
388107109;388108810
389787109;389788810
391467109;391468810
393147109;393148810
394827109;394828810
396507109;396508810
398187109;398188810
399867109;399868810
401547109;401548810
403227109;403228810
404907109;404908810
406587109;406588810
408267109;408268810
409947109;409948810
411627109;411628810
413307109;413308810
414987109;414988810
416667109;416668810
418347109;418348810
420027109;420028810
421707109;421708810
423387109;423388810
425067109;425068810
426747109;426748810
428427109;428428810
430107109;430108810
431787109;431788810
433467109;433468810
435147109;435148810
436827109;436828810
438507109;438508810
440187109;440188810
441867109;441868810
443547109;443548810
445227109;445228810
446907109;446908810
448587109;448588810
450267109;450268810
451947109;451948810
453627109;453628810
455307109;455308810
456987109;456988810
458667109;458668810
460347109;460348810
462027109;462028810
463707109;463708810
465387109;465388810
467067109;467068810
468747109;468748810
470427109;470428810
472107109;472108810
473787109;473788810
475467109;475468810
477147109;477148810
478827109;478828810
480507109;480508810
482187109;482188810
483867109;483868810
485547109;485548810
487227109;487228810
488907109;488908810
490587109;490588810
492267109;492268810
493947109;493948810
495627109;495628810
497307109;497308810
498987109;498988810
500667109;500668810
502347109;502348810
504027109;504028810
505707109;505708810
507387109;507388810
509067109;509068810
510747109;510748810
512427109;512428810
514107109;514108810
515787109;515788810
517467109;517468810
519147109;519148810
520827109;520828810
522507109;522508810
524187109;524188810
525867109;525868810
527547109;527548810
529227109;529228810
530907109;530908810
532587109;532588810
534267109;534268810
535947109;535948810
537627109;537628810
539307109;539308810
540987109;540988810
542667109;542668810
544347109;544348810
546027109;546028810
547707109;547708810
549387109;549388810
551067109;551068810
552747109;552748810
554427109;554428810
556107109;556108810
557787109;557788810
559467109;559468810
561147109;561148810
562827109;562828810
564507109;564508810
566187109;566188810
567867109;567868810
569547109;569548810
571227109;571228810
572907109;572908810
574587109;574588810
576267109;576268810
577947109;577948810
579627109;579628810
581307109;581308810
582987109;582988810
584667109;584668810
586347109;586348810
588027109;588028810
589707109;589708810
591387109;591388810
593067109;593068810
594747109;594748810
596427109;596428810
598107109;598108810
599787109;599788810
601467109;601468810
603147109;603148810
604827109;604828810
606507109;606508810
608187109;608188810
609867109;609868810
611547109;611548810
613227109;613228810
614907109;614908810
616587109;616588810
618267109;618268810
619947109;619948810
621627109;621628810
623307109;623308810
624987109;624988810
626667109;626668810
628347109;628348810
630027109;630028810
631707109;631708810
633387109;633388810
635067109;635068810
636747109;636748810
638427109;638428810
640107109;640108810
641787109;641788810
643467109;643468810
645147109;645148810
646827109;646828810
648507109;648508810
650187109;650188810
651867109;651868810
653547109;653548810
655227109;655228810
656907109;656908810
658587109;658588810
660267109;660268810
661947109;661948810
663627109;663628810
665307109;665308810
666987109;666988810
668667109;668668810
670347109;670348810
672027109;672028810
673707109;673708810
675387109;675388810
677067109;677068810
678747109;678748810
680427109;680428810
682107109;682108810
683787109;683788810
685467109;685468810
687147109;687148810
688827109;688828810
690507109;690508810
692187109;692188810
693867109;693868810
695547109;695548810
697227109;697228810
698907109;698908810
700587109;700588810
702267109;702268810
703947109;703948810
705627109;705628810
707307109;707308810
708987109;708988810
710667109;710668810
712347109;712348810
714027109;714028810
715707109;715708810
717387109;717388810
719067109;719068810
720747109;720748810
722427109;722428810
724107109;724108810
725787109;725788810
727467109;727468810
729147109;729148810
730827109;730828810
732507109;732508810
734187109;734188810
735867109;735868810
737547109;737548810
739227109;739228810
740907109;740908810
742587109;742588810
744267109;744268810
745947109;745948810
747627109;747628810
749307109;749308810
750987109;750988810
752667109;752668810
754347109;754348810
756027109;756028810
757707109;757708810
759387109;759388810
761067109;761068810
762747109;762748810
764427109;764428810
766107109;766108810
767787109;767788810
769467109;769468810
771147109;771148810
772827109;772828810
774507109;774508810
776187109;776188810
777867109;777868810
779547109;779548810
781227109;781228810
782907109;782908810
784587109;784588810
786267109;786268810
787947109;787948810
789627109;789628810
791307109;791308810
792987109;792988810
794667109;794668810
796347109;796348810
798027109;798028810
799707109;799708810
801387109;801388810
803067109;803068810
804747109;804748810
806427109;806428810
808107109;808108810
809787109;809788810
811467109;811468810
813147109;813148810
814827109;814828810
816507109;816508810
818187109;818188810
819867109;819868810
821547109;821548810
823227109;823228810
824907109;824908810
826587109;826588810
828267109;828268810
829947109;829948810
831627109;831628810
833307109;833308810
834987109;834988810
836667109;836668810
838347109;838348810
840027109;840028810
841707109;841708810
843387109;843388810
845067109;845068810
846747109;846748810
848427109;848428810
850107109;850108810
851787109;851788810
853467109;853468810
855147109;855148810
856827109;856828810
858507109;858508810
860187109;860188810
861867109;861868810
863547109;863548810
865227109;865228810
866907109;866908810
868587109;868588810
870267109;870268810
871947109;871948810
873627109;873628810
875307109;875308810
876987109;876988810
878667109;878668810
880347109;880348810
882027109;882028810
883707109;883708810
885387109;885388810
887067109;887068810
888747109;888748810
890427109;890428810
892107109;892108810
893787109;893788810
895467109;895468810
897147109;897148810
898827109;898828810
900507109;900508810
902187109;902188810
903867109;903868810
905547109;905548810
907227109;907228810
908907109;908908810
910587109;910588810
912267109;912268810
913947109;913948810
915627109;915628810
917307109;917308810
918987109;918988810
920667109;920668810
922347109;922348810
924027109;924028810
925707109;925708810
927387109;927388810
929067109;929068810
930747109;930748810
932427109;932428810
934107109;934108810
935787109;935788810
937467109;937468810
939147109;939148810
940827109;940828810
942507109;942508810
944187109;944188810
945867109;945868810
947547109;947548810
949227109;949228810
950907109;950908810
952587109;952588810
954267109;954268810
955947109;955948810
957627109;957628810
959307109;959308810
960987109;960988810
962667109;962668810
964347109;964348810
966027109;966028810
967707109;967708810
969387109;969388810
971067109;971068810
972747109;972748810
974427109;974428810
976107109;976108810
977787109;977788810
979467109;979468810
981147109;981148810
982827109;982828810
984507109;984508810
986187109;986188810
987867109;987868810
989547109;989548810
991227109;991228810
992907109;992908810
994587109;994588810
996267109;996268810
997947109;997948810
999627109;999628810
1001307109;1001308810
1002987109;1002988810
1004667109;1004668810
1006347109;1006348810
1008027109;1008028810
1009707109;1009708810
1011387109;1011388810
1013067109;1013068810
1014747109;1014748810
1016427109;1016428810
1018107109;1018108810
1019787109;1019788810
1021467109;1021468810
1023147109;1023148810
1024827109;1024828810
1026507109;1026508810
1028187109;1028188810
1029867109;1029868810
1031547109;1031548810
1033227109;1033228810
1034907109;1034908810
1036587109;1036588810
1038267109;1038268810
1039947109;1039948810
1041627109;1041628810
1043307109;1043308810
1044987109;1044988810
1046667109;1046668810
1048347109;1048348810
1050027109;1050028810
1051707109;1051708810
1053387109;1053388810
1055067109;1055068810
1056747109;1056748810
1058427109;1058428810
1060107109;1060108810
1061787109;1061788810
1063467109;1063468810
1065147109;1065148810
1066827109;1066828810
1068507109;1068508810
1070187109;1070188810
1071867109;1071868810
1073547109;1073548810
1075227109;1075228810
1076907109;1076908810
1078587109;1078588810
1080267109;1080268810
1081947109;1081948810
1083627109;1083628810
1085307109;1085308810
1086987109;1086988810
1088667109;1088668810
1090347109;1090348810
1092027109;1092028810
1093707109;1093708810
1095387109;1095388810
1097067109;1097068810
1098747109;1098748810
1100427109;1100428810
1102107109;1102108810
1103787109;1103788810
1105467109;1105468810
1107147109;1107148810
1108827109;1108828810
1110507109;1110508810
1112187109;1112188810
1113867109;1113868810
1115547109;1115548810
1117227109;1117228810
1118907109;1118908810
1120587109;1120588810
1122267109;1122268810
1123947109;1123948810
1125627109;1125628810
1127307109;1127308810
1128987109;1128988810
1130667109;1130668810
1132347109;1132348810
1134027109;1134028810
1135707109;1135708810
1137387109;1137388810
1139067109;1139068810
1140747109;1140748810
1142427109;1142428810
1144107109;1144108810
1145787109;1145788810
1147467109;1147468810
1149147109;1149148810
1150827109;1150828810
1152507109;1152508810
1154187109;1154188810
1155867109;1155868810
1157547109;1157548810
1159227109;1159228810
1160907109;1160908810
1162587109;1162588810
1164267109;1164268810
1165947109;1165948810
1167627109;1167628810
1169307109;1169308810
1170987109;1170988810
1172667109;1172668810
1174347109;1174348810
1176027109;1176028810
1177707109;1177708810
1179387109;1179388810
1181067109;1181068810
1182747109;1182748810
1184427109;1184428810
1186107109;1186108810
1187787109;1187788810
1189467109;1189468810
1191147109;1191148810
1192827109;1192828810
1194507109;1194508810
1196187109;1196188810
1197867109;1197868810
1199547109;1199548810
1201227109;1201228810
1202907109;1202908810
1204587109;1204588810
1206267109;1206268810
1207947109;1207948810
1209627109;1209628810
1211307109;1211308810
1212987109;1212988810
1214667109;1214668810
1216347109;1216348810
1218027109;1218028810
1219707109;1219708810
1221387109;1221388810
1223067109;1223068810
1224747109;1224748810
1226427109;1226428810
1228107109;1228108810
1229787109;1229788810
1231467109;1231468810
1233147109;1233148810
1234827109;1234828810
1236507109;1236508810
1238187109;1238188810
1239867109;1239868810
1241547109;1241548810
1243227109;1243228810
1244907109;1244908810
1246587109;1246588810
1248267109;1248268810
1249947109;1249948810
1251627109;1251628810
1253307109;1253308810
1254987109;1254988810
1256667109;1256668810
1258347109;1258348810
1260027109;1260028810
1261707109;1261708810
1263387109;1263388810
1265067109;1265068810
1266747109;1266748810
1268427109;1268428810
1270107109;1270108810
1271787109;1271788810
1273467109;1273468810
1275147109;1275148810
1276827109;1276828810
1278507109;1278508810
1280187109;1280188810
1281867109;1281868810
1283547109;1283548810
1285227109;1285228810
1286907109;1286908810
1288587109;1288588810
1290267109;1290268810
1291947109;1291948810
1293627109;1293628810
1295307109;1295308810
1296987109;1296988810
1298667109;1298668810
1300347109;1300348810
1302027109;1302028810
1303707109;1303708810
1305387109;1305388810
1307067109;1307068810
1308747109;1308748810
1310427109;1310428810
1312107109;1312108810
1313787109;1313788810
1315467109;1315468810
1317147109;1317148810
1318827109;1318828810
1320507109;1320508810
1322187109;1322188810
1323867109;1323868810
1325547109;1325548810
1327227109;1327228810
1328907109;1328908810
1330587109;1330588810
1332267109;1332268810
1333947109;1333948810
1335627109;1335628810
1337307109;1337308810
1338987109;1338988810
1340667109;1340668810
1342347109;1342348810
1344027109;1344028810
1345707109;1345708810
1347387109;1347388810
1349067109;1349068810
1350747109;1350748810
1352427109;1352428810
1354107109;1354108810
1355787109;1355788810
1357467109;1357468810
1359147109;1359148810
1360827109;1360828810
1362507109;1362508810
1364187109;1364188810
1365867109;1365868810
1367547109;1367548810
1369227109;1369228810
1370907109;1370908810
1372587109;1372588810
1374267109;1374268810
1375947109;1375948810
1377627109;1377628810
1379307109;1379308810
1380987109;1380988810
1382667109;1382668810
1384347109;1384348810
1386027109;1386028810
1387707109;1387708810
1389387109;1389388810
1391067109;1391068810
1392747109;1392748810
1394427109;1394428810
1396107109;1396108810
1397787109;1397788810
1399467109;1399468810
1401147109;1401148810
1402827109;1402828810
1404507109;1404508810
1406187109;1406188810
1407867109;1407868810
1409547109;1409548810
1411227109;1411228810
1412907109;1412908810
1414587109;1414588810
1416267109;1416268810
1417947109;1417948810
1419627109;1419628810
1421307109;1421308810
1422987109;1422988810
1424667109;1424668810
1426347109;1426348810
1428027109;1428028810
1429707109;1429708810
1431387109;1431388810
1433067109;1433068810
1434747109;1434748810
1436427109;1436428810
1438107109;1438108810
1439787109;1439788810
1441467109;1441468810
1443147109;1443148810
1444827109;1444828810
1446507109;1446508810
1448187109;1448188810
1449867109;1449868810
1451547109;1451548810
1453227109;1453228810
1454907109;1454908810
1456587109;1456588810
1458267109;1458268810
1459947109;1459948810
1461627109;1461628810
1463307109;1463308810
1464987109;1464988810
1466667109;1466668810
1468347109;1468348810
1470027109;1470028810
1471707109;1471708810
1473387109;1473388810
1475067109;1475068810
1476747109;1476748810
1478427109;1478428810
1480107109;1480108810
1481787109;1481788810
1483467109;1483468810
1485147109;1485148810
1486827109;1486828810
1488507109;1488508810
1490187109;1490188810
1491867109;1491868810
1493547109;1493548810
1495227109;1495228810
1496907109;1496908810
1498587109;1498588810
1500267109;1500268810
1501947109;1501948810
1503627109;1503628810
1505307109;1505308810
1506987109;1506988810
1508667109;1508668810
1510347109;1510348810
1512027109;1512028810
1513707109;1513708810
1515387109;1515388810
1517067109;1517068810
1518747109;1518748810
1520427109;1520428810
1522107109;1522108810
1523787109;1523788810
1525467109;1525468810
1527147109;1527148810
1528827109;1528828810
1530507109;1530508810
1532187109;1532188810
1533867109;1533868810
1535547109;1535548810
1537227109;1537228810
1538907109;1538908810
1540587109;1540588810
1542267109;1542268810
1543947109;1543948810
1545627109;1545628810
1547307109;1547308810
1548987109;1548988810
1550667109;1550668810
1552347109;1552348810
1554027109;1554028810
1555707109;1555708810
1557387109;1557388810
1559067109;1559068810
1560747109;1560748810
1562427109;1562428810
1564107109;1564108810
1565787109;1565788810
1567467109;1567468810
1569147109;1569148810
1570827109;1570828810
1572507109;1572508810
1574187109;1574188810
1575867109;1575868810
1577547109;1577548810
1579227109;1579228810
1580907109;1580908810
1582587109;1582588810
1584267109;1584268810
1585947109;1585948810
1587627109;1587628810
1589307109;1589308810
1590987109;1590988810
1592667109;1592668810
1594347109;1594348810
1596027109;1596028810
1597707109;1597708810
1599387109;1599388810
1601067109;1601068810
1602747109;1602748810
1604427109;1604428810
1606107109;1606108810
1607787109;1607788810
1609467109;1609468810
1611147109;1611148810
1612827109;1612828810
1614507109;1614508810
1616187109;1616188810
1617867109;1617868810
1619547109;1619548810
1621227109;1621228810
1622907109;1622908810
1624587109;1624588810
1626267109;1626268810
1627947109;1627948810
1629627109;1629628810
1631307109;1631308810
1632987109;1632988810
1634667109;1634668810
1636347109;1636348810
1638027109;1638028810
1639707109;1639708810
1641387109;1641388810
1643067109;1643068810
1644747109;1644748810
1646427109;1646428810
1648107109;1648108810
1649787109;1649788810
1651467109;1651468810
1653147109;1653148810
1654827109;1654828810
1656507109;1656508810
1658187109;1658188810
1659867109;1659868810
1661547109;1661548810
1663227109;1663228810
1664907109;1664908810
1666587109;1666588810
1668267109;1668268810
1669947109;1669948810
1671627109;1671628810
1673307109;1673308810
1674987109;1674988810
1676667109;1676668810
1678347109;1678348810
