27821;29521
1706886;1790908
3386882;3554909
5066882;5318909
6746882;7082909
8426882;8846909
10106882;10610909
11786882;12374909
13466882;14138909
15146882;15902909
16826882;17683729
18506882;19464509
20186882;21245309
21866882;23026109
23546882;24806909
25226882;26587729
26906882;28368509
28586877;30149309
30266924;31930109
32037138;33711143
33817804;35491963
35598474;37272743
37379214;39053543
39161354;40834343
40941998;42615143
42722768;44395963
44503414;46176743
46284098;47957543
48064826;49738343
49845438;51519143
51626156;53299963
53406810;55080743
55187570;56861543
56968210;58642343
58748914;60423143
60529636;62203963
62311706;63984743
64092450;65765543
65873166;67546343
67653794;69327143
69434504;71107963
71215146;72888743
72995922;74669543
74776550;76450343
76557278;78231143
78337960;80011963
80118638;81792743
81899306;83573543
83680030;85354343
85462178;87135143
87242844;88915963
89023506;90696743
90804182;92477543
92584902;94258343
94365618;96039143
96146312;97819963
97926974;99600743
99707658;101381543
101488374;103162343
103268998;104943143
105049700;106723963
106831886;108504743
108612522;110285543
110393266;112066343
112173914;113847143
113954664;115627963
115735266;117408743
117516010;119189543
119296670;120970343
121077354;122751143
122858052;124531963
124638706;126312743
126419470;128093543
128200122;129874343
129980842;131655143
131762948;133435963
133543602;135216743
135324358;136997543
137105002;138778343
138885706;140559143
140666404;142339963
142447062;144120743
144227734;145901543
146008478;147682343
147789110;149463143
149569808;151243963
151350474;153024743
153132626;154805543
154913358;156586343
156694006;158367143
158474760;160147963
160255446;161928743
162036102;163709543
163816830;165490343
165597446;167271143
167378140;169051963
169158886;170832743
170939574;172613543
172720214;174394343
174500938;176175143
176297652;177972743
178094366;179770343
179892450;181567943
181689175;183365543
183487358;185163143
185285542;186960743
187082246;188758343
188880412;190555963
190678574;192353543
192475206;194151143
194273372;195948743
196070130;197746343
197868218;199543943
199666410;201341543
201463166;203139143
203261242;204936743
205057962;206734343
206856132;208531963
208654270;210329543
210451034;212127143
212249144;213924743
214047362;215722343
215844066;217519943
217642166;219317543
219438918;221115143
221237102;222912743
223035226;224710343
224831972;226507963
226630098;228305543
228426774;230103143
230224976;231900743
232023102;233698343
233819854;235495943
235617978;237293543
237416126;239091143
239212810;240888743
241011026;242686343
242807708;244483963
244605834;246281543
246404062;248079143
248200708;249876743
249998926;251674343
251795634;253471943
253593799;255269543
255391890;257067143
257188638;258864743
258986790;260662343
260784924;262459963
262581662;264257543
264379830;266055143
266176536;267852743
267974650;269650343
269772866;271447943
271569519;273245543
273367694;275043143
275164374;276840743
276962522;278638343
278760744;280435963
280557430;282233543
282355574;284031143
284153736;285828743
285950394;287626343
287748602;289423943
289545347;291221543
291343418;293019143
293141638;294816743
294938322;296614343
296736480;298411963
298533162;300209543
300331310;302007143
302129560;303804743
303926210;305602343
305724398;307399943
307522526;309197543
309319274;310995143
311117430;312792743
312914086;314590343
314712312;316387963
316510378;318185543
318307126;319983143
320105308;321780743
321901954;323578343
323700134;325375943
325498350;327173543
327294994;328971143
329093198;330768743
330891318;332566343
332688048;334363963
334486206;336161543
336282858;337959143
338081044;339756743
339879186;341554343
341675958;343351943
343474058;345149543
345270818;346947143
347068934;348744743
348867142;350542343
350663784;352339963
352461938;354137543
354260150;355935143
356056872;357732743
357855014;359530343
359651694;361327943
361449887;363125543
363248046;364923143
365044758;366720743
366842878;368518343
368639608;370315963
370437750;372113543
372235882;373911143
374032608;375708743
375830746;377506343
377628954;379303943
379425619;381101543
381223782;382899143
383020494;384696743
384818702;386494343
386616856;388291963
388413482;390089543
390211710;391887143
392008420;393684743
393806574;395482343
395604754;397279943
397401447;399077543
399199598;400875143
400997690;402672743
402794438;404470343
404592592;406267963
406389310;408065543
408187478;409863143
409985648;411660743
411782370;413458343
413580446;415255943
415377179;417053543
417175334;418851143
418973518;420648743
420770250;422446343
422568388;424243963
424366574;426041543
426163210;427839143
427961384;429636743
429758106;431434343
431556250;433231943
433354414;435029543
435151170;436827143
436949250;438624743
438745970;440422343
440544152;442219963
442342310;444017543
444139038;445815143
445937148;447612743
447735366;449410343
449532030;451207943
451330238;453005543
453126894;454803143
454925018;456600743
456723202;458398343
458519976;460195963
460318098;461993543
462114774;463791143
463912976;465588743
465711102;467386343
467507854;469183943
469305978;470981543
471104126;472779143
472900810;474576743
474699026;476374343
476495708;478171963
478293834;479969543
480092062;481767143
481888708;483564743
483686926;485362343
485483634;487159943
487281799;488957543
489079890;490755143
490876638;492552743
492674790;494350343
494472924;496147963
496269662;497945543
498067830;499743143
499864536;501540743
501662650;503338343
503460866;505135943
505257519;506933543
507055694;508731143
508852374;510528743
510650522;512326343
512448744;514123963
514245430;515921543
516043574;517719143
517841736;519516743
519638394;521314343
521436602;523111943
523233347;524909543
525031418;526707143
526829638;528504743
528626322;530302343
530424480;532099963
532221162;533897543
534019310;535695143
535817560;537492743
537614210;539290343
539412398;541087943
541210526;542885543
543007274;544683143
544805430;546480743
546602086;548278343
548400312;550075963
550198378;551873543
551995126;553671143
553793308;555468743
555589954;557266343
557388134;559063943
559186350;560861543
560982994;562659143
562781198;564456743
564579318;566254343
566376048;568051963
568174206;569849543
569970858;571647143
571769044;573444743
573567186;575242343
575363958;577039943
577162058;578837543
578958818;580635143
580756934;582432743
582555142;584230343
584351784;586027963
586149938;587825543
587948150;589623143
589744872;591420743
591543014;593218343
593339694;595015943
595137887;596813543
596936046;598611143
598732758;600408743
600530878;602206343
602327608;604003963
604125750;605801543
605923882;607599143
607720608;609396743
609518746;611194343
611316954;612991943
613113619;614789543
614911782;616587143
616708494;618384743
618506702;620182343
620304856;621979963
622101482;623777543
623899710;625575143
625696420;627372743
627494574;629170343
629292754;630967943
631089447;632765543
632887598;634563143
634685690;636360743
636482438;638158343
638280592;639955963
640077310;641753543
641875478;643551143
643673648;645348743
645470370;647146343
647268446;648943943
649065179;650741543
650863334;652539143
652661518;654336743
654458250;656134343
656256388;657931963
658054574;659729543
659851210;661527143
661649384;663324743
663446106;665122343
665244250;666919943
667042414;668717543
668839170;670515143
670637250;672312743
672433970;674110343
674232152;675907963
676030310;677705543
677827038;679503143
679625148;681300743
681423366;683098343
683220030;684895943
685018238;686693543
686814894;688491143
688613018;690288743
690411202;692086343
692207976;693883963
694006098;695681543
695802774;697479143
697600976;699276743
699399102;701074343
701195854;702871943
702993978;704669543
704792126;706467143
706588810;708264743
708387026;710062343
710183708;711859963
711981834;713657543
713780062;715455143
715576708;717252743
717374926;719050343
719171634;720847943
720969799;722645543
722767890;724443143
724564638;726240743
726362790;728038343
728160924;729835963
729957662;731633543
731755830;733431143
733552536;735228743
735350650;737026343
737148866;738823943
738945519;740621543
740743694;742419143
742540374;744216743
744338522;746014343
746136744;747811963
747933430;749609543
749731574;751407143
751529736;753204743
753326394;755002343
755124602;756799943
756921347;758597543
758719418;760395143
760517638;762192743
762314322;763990343
764112480;765787963
765909162;767585543
767707310;769383143
769505560;771180743
771302210;772978343
773100398;774775943
774898526;776573543
776695274;778371143
778493430;780168743
780290086;781966343
782088312;783763963
783886378;785561543
785683126;787359143
787481308;789156743
789277954;790954343
791076134;792751943
792874350;794549543
794670994;796347143
796469198;798144743
798267318;799942343
800064048;801739963
801862206;803537543
803658858;805335143
805457044;807132743
807255186;808930343
809051958;810727943
810850058;812525543
812646818;814323143
814444934;816120743
816243142;817918343
818039784;819715963
819837938;821513543
821636150;823311143
823432872;825108743
825231014;826906343
827027694;828703943
828825887;830501543
830624046;832299143
832420758;834096743
834218878;835894343
836015608;837691963
837813750;839489543
839611882;841287143
841408608;843084743
843206746;844882343
845004954;846679943
846801619;848477543
848599782;850275143
850396494;852072743
852194702;853870343
853992856;855667963
855789482;857465543
857587710;859263143
859384420;861060743
861182574;862858343
862980754;864655943
864777447;866453543
866575598;868251143
868373690;870048743
870170438;871846343
871968592;873643963
873765310;875441543
875563478;877239143
877361648;879036743
879158370;880834343
880956446;882631943
882753179;884429543
884551334;886227143
886349518;888024743
888146250;889822343
889944388;891619963
891742574;893417543
893539210;895215143
895337384;897012743
897134106;898810343
898932250;900607943
900730414;902405543
902527170;904203143
904325250;906000743
906121970;907798343
907920152;909595963
909718310;911393543
911515038;913191143
913313148;914988743
915111366;916786343
916908030;918583943
918706238;920381543
920502894;922179143
922301018;923976743
924099202;925774343
925895976;927571963
927694098;929369543
929490774;931167143
931288976;932964743
933087102;934762343
934883854;936559943
936681978;938357543
938480126;940155143
940276810;941952743
942075026;943750343
943871708;945547963
945669834;947345543
947468062;949143143
949264708;950940743
951062926;952738343
952859634;954535943
954657799;956333543
956455890;958131143
958252638;959928743
960050790;961726343
961848924;963523963
963645662;965321543
965443830;967119143
967240536;968916743
969038650;970714343
970836866;972511943
972633519;974309543
974431694;976107143
976228374;977904743
978026522;979702343
979824744;981499963
981621430;983297543
983419574;985095143
985217736;986892743
987014394;988690343
988812602;990487943
990609347;992285543
992407418;994083143
994205638;995880743
996002322;997678343
997800480;999475963
999597162;1001273543
1001395310;1003071143
1003193560;1004868743
1004990210;1006666343
1006788398;1008463943
1008586526;1010261543
1010383274;1012059143
1012181430;1013856743
1013978086;1015654343
1015776312;1017451963
1017574378;1019249543
1019371126;1021047143
1021169308;1022844743
1022965954;1024642343
1024764134;1026439943
1026562350;1028237543
1028358994;1030035143
1030157198;1031832743
1031955318;1033630343
1033752048;1035427963
1035550206;1037225543
1037346858;1039023143
1039145044;1040820743
1040943186;1042618343
1042739958;1044415943
1044538058;1046213543
1046334818;1048011143
1048132934;1049808743
1049931142;1051606343
1051727784;1053403963
1053525938;1055201543
1055324150;1056999143
1057120872;1058796743
1058919014;1060594343
1060715694;1062391943
1062513887;1064189543
1064312046;1065987143
1066108758;1067784743
1067906878;1069582343
1069703608;1071379963
1071501750;1073177543
1073299882;1074975143
1075096608;1076772743
1076894746;1078570343
1078692954;1080367943
1080489619;1082165543
1082287782;1083963143
1084084494;1085760743
1085882702;1087558343
1087680856;1089355963
1089477482;1091153543
1091275710;1092951143
1093072420;1094748743
1094870574;1096546343
1096668754;1098343943
1098465447;1100141543
1100263598;1101939143
1102061690;1103736743
1103858438;1105534343
1105656592;1107331963
1107453310;1109129543
1109251478;1110927143
1111049648;1112724743
1112846370;1114522343
1114644446;1116319943
1116441179;1118117543
1118239334;1119915143
1120037518;1121712743
1121834250;1123510343
1123632388;1125307963
1125430574;1127105543
1127227210;1128903143
1129025384;1130700743
1130822106;1132498343
1132620250;1134295943
1134418414;1136093543
1136215170;1137891143
1138013250;1139688743
1139809970;1141486343
1141608152;1143283963
1143406310;1145081543
1145203038;1146879143
1147001148;1148676743
1148799366;1150474343
1150596030;1152271943
1152394238;1154069543
1154190894;1155867143
1155989018;1157664743
1157787202;1159462343
1159583976;1161259963
1161382098;1163057543
1163178774;1164855143
1164976976;1166652743
1166775102;1168450343
1168571854;1170247943
1170369978;1172045543
1172168126;1173843143
1173964810;1175640743
1175763026;1177438343
1177559708;1179235963
1179357834;1181033543
1181156062;1182831143
1182952708;1184628743
1184750926;1186426343
1186547634;1188223943
1188345799;1190021543
1190143890;1191819143
1191940638;1193616743
1193738790;1195414343
1195536924;1197211963
1197333662;1199009543
1199131830;1200807143
1200928536;1202604743
1202726650;1204402343
1204524866;1206199943
1206321519;1207997543
1208119694;1209795143
1209916374;1211592743
1211714522;1213390343
1213512744;1215187963
1215309430;1216985543
1217107574;1218783143
1218905736;1220580743
1220702394;1222378343
1222500602;1224175943
1224297347;1225973543
1226095418;1227771143
1227893638;1229568743
1229690322;1231366343
1231488480;1233163963
1233285162;1234961543
1235083310;1236759143
1236881560;1238556743
1238678210;1240354343
1240476398;1242151943
1242274526;1243949543
1244071274;1245747143
1245869430;1247544743
1247666086;1249342343
1249464312;1251139963
1251262378;1252937543
1253059126;1254735143
1254857308;1256532743
1256653954;1258330343
1258452134;1260127943
1260250350;1261925543
1262046994;1263723143
1263845198;1265520743
1265643318;1267318343
1267440048;1269115963
1269238206;1270913543
1271034858;1272711143
1272833044;1274508743
1274631186;1276306343
1276427958;1278103943
1278226058;1279901543
1280022818;1281699143
1281820934;1283496743
1283619142;1285294343
1285415784;1287091963
1287213938;1288889543
1289012150;1290687143
1290808872;1292484743
1292607014;1294282343
1294403694;1296079943
1296201887;1297877543
1298000046;1299675143
1299796758;1301472743
1301594878;1303270343
1303391608;1305067963
1305189750;1306865543
1306987882;1308663143
1308784608;1310460743
1310582746;1312258343
1312380954;1314055943
1314177619;1315853543
1315975782;1317651143
1317772494;1319448743
1319570702;1321246343
1321368856;1323043963
1323165482;1324841543
1324963710;1326639143
1326760420;1328436743
1328558574;1330234343
1330356754;1332031943
1332153447;1333829543
1333951598;1335627143
1335749690;1337424743
1337546438;1339222343
1339344592;1341019963
1341141310;1342817543
1342939478;1344615143
1344737648;1346412743
1346534370;1348210343
1348332446;1350007943
1350129179;1351805543
1351927334;1353603143
1353725518;1355400743
1355522250;1357198343
1357320388;1358995963
1359118574;1360793543
1360915210;1362591143
1362713384;1364388743
1364510106;1366186343
1366308250;1367983943
1368106414;1369781543
1369903170;1371579143
1371701250;1373376743
1373497970;1375174343
1375296152;1376971963
1377094310;1378769543
1378891038;1380567143
1380689148;1382364743
1382487366;1384162343
1384284030;1385959943
1386082238;1387757543
1387878894;1389555143
1389677018;1391352743
1391475202;1393150343
1393271976;1394947963
1395070098;1396745543
1396866774;1398543143
1398664976;1400340743
1400463102;1402138343
1402259854;1403935943
1404057978;1405733543
1405856126;1407531143
1407652810;1409328743
1409451026;1411126343
1411247708;1412923963
1413045834;1414721543
1414844062;1416519143
1416640708;1418316743
1418438926;1420114343
1420235634;1421911943
1422033799;1423709543
1423831890;1425507143
1425628638;1427304743
1427426790;1429102343
1429224924;1430899963
1431021662;1432697543
1432819830;1434495143
1434616536;1436292743
1436414650;1438090343
1438212866;1439887943
1440009519;1441685543
1441807694;1443483143
1443604374;1445280743
1445402522;1447078343
1447200744;1448875963
1448997430;1450673543
1450795574;1452471143
1452593736;1454268743
1454390394;1456066343
1456188602;1457863943
1457985347;1459661543
1459783418;1461459143
1461581638;1463256743
1463378322;1465054343
1465176480;1466851963
1466973162;1468649543
1468771310;1470447143
1470569560;1472244743
1472366210;1474042343
1474164398;1475839943
1475962526;1477637543
1477759274;1479435143
1479557430;1481232743
1481354086;1483030343
1483152312;1484827963
1484950378;1486625543
1486747126;1488423143
1488545308;1490220743
1490341954;1492018343
1492140134;1493815943
1493938350;1495613543
1495734994;1497411143
1497533198;1499208743
1499331318;1501006343
1501128048;1502803963
1502926206;1504601543
1504722858;1506399143
1506521044;1508196743
1508319186;1509994343
1510115958;1511791943
1511914058;1513589543
1513710818;1515387143
1515508934;1517184743
1517307142;1518982343
1519103784;1520779963
1520901938;1522577543
1522700150;1524375143
1524496872;1526172743
1526295014;1527970343
1528091694;1529767943
1529889887;1531565543
1531688046;1533363143
1533484758;1535160743
1535282878;1536958343
1537079608;1538755963
1538877750;1540553543
1540675882;1542351143
1542472608;1544148743
1544270746;1545946343
1546068954;1547743943
1547865619;1549541543
1549663782;1551339143
1551460494;1553136743
1553258702;1554934343
1555056856;1556731963
1556853482;1558529543
1558651710;1560327143
1560448420;1562124743
1562246574;1563922343
1564044754;1565719943
1565841447;1567517543
1567639598;1569315143
1569437690;1571112743
1571234438;1572910343
1573032592;1574707963
1574829310;1576505543
1576627478;1578303143
1578425648;1580100743
1580222370;1581898343
1582020446;1583695943
1583817179;1585493543
1585615334;1587291143
1587413518;1589088743
1589210250;1590886343
1591008388;1592683963
1592806574;1594481543
1594603210;1596279143
1596401384;1598076743
1598198106;1599874343
1599996250;1601671943
1601794414;1603469543
1603591170;1605267143
1605389250;1607064743
1607185970;1608862343
1608984152;1610659963
1610782310;1612457543
1612579038;1614255143
1614377148;1616052743
1616175366;1617850343
1617972030;1619647943
1619770238;1621445543
1621566894;1623243143
1623365018;1625040743
1625163202;1626838343
1626959976;1628635963
1628758098;1630433543
1630554774;1632231143
1632352976;1634028743
1634151102;1635826343
1635947854;1637623943
1637745978;1639421543
1639544126;1641219143
1641340810;1643016743
1643139026;1644814343
1644935708;1646611963
1646733834;1648409543
1648532062;1650207143
1650328708;1652004743
1652126926;1653802343
1653923634;1655599943
1655721799;1657397543
1657519890;1659195143
1659316638;1660992743
1661114790;1662790343
1662912924;1664587963
1664709662;1666385543
1666507830;1668183143
1668304536;1669980743
1670102650;1671778343
1671900866;1673575943
1673697519;1675373543
1675495694;1677171143
1677292374;1678968743
1679090522;1680766343
1680888744;1682563963
1682685430;1684361543
1684483574;1686159143
1686281736;1687956743
1688078394;1689754343
1689876602;1691551943
1691673347;1693349543
1693471418;1695147143
1695269638;1696944743
1697066322;1698742343
1698864480;1700539963
1700661162;1702337543
1702459310;1704135143
1704257560;1705932743
1706054210;1707730343
1707852398;1709527943
1709650526;1711325543
1711447274;1713123143
1713245430;1714920743
1715042086;1716718343
1716840312;1718515963
1718638378;1720313543
1720435126;1722111143
1722233308;1723908743
1724029954;1725706343
1725828134;1727503943
1727626350;1729301543
1729422994;1731099143
1731221198;1732896743
1733019318;1734694343
1734816048;1736491963
1736614206;1738289543
1738410858;1740087143
1740209044;1741884743
1742007186;1743682343
1743803958;1745479943
1745602058;1747277543
1747398818;1749075143
1749196934;1750872743
1750995142;1752670343
1752791784;1754467963
1754589938;1756265543
1756388150;1758063143
1758184872;1759860743
1759983014;1761658343
1761779694;1763455943
1763577887;1765253543
1765376046;1767051143
1767172758;1768848743
1768970878;1770646343
1770767608;1772443963
1772565750;1774241543
1774363882;1776039143
1776160608;1777836743
1777958746;1779634343
1779756954;1781431943
1781553619;1783229543
1783351782;1785027143
1785148494;1786824743
1786946702;1788622343
1788744856;1790419963
1790541482;1792217543
1792339710;1794015143
