1109430;1111677
1114151;1116599
1119065;1121513
1123979;1126427
1128893;1131341
1133807;1136255
1138721;1141169
1143635;1146083
1148549;1150997
1153463;1155911
1158377;1160825
1163291;1165739
1168205;1170653
1173119;1175567
1178033;1180481
1182947;1185395
1187861;1190309
1192775;1195223
1197689;1200137
1202603;1205051
1207517;1209965
1212431;1214879
1217345;1219793
1222259;1224707
1227173;1229621
1232087;1234535
1237001;1239449
1241915;1244363
1246829;1249277
1251743;1254191
1256657;1259105
1261571;1264019
1266485;1268933
1271399;1273847
1276313;1278761
1281227;1283675
1286141;1288589
1291055;1293503
1295969;1298417
1300883;1303331
1305797;1308245
1310711;1313159
1315625;1318073
1320539;1322987
1325453;1327901
1330367;1332815
1335281;1337729
1340195;1342643
1345109;1347557
1350023;1352471
1354937;1357385
1359851;1362299
1364765;1367213
1369679;1372127
1374593;1377041
1379507;1381955
1384421;1386869
1389335;1391783
1394249;1396697
1399163;1401611
1404077;1406525
1408991;1411439
1413905;1416353
1418819;1421267
1423733;1426181
1428647;1431095
1433561;1436009
1438475;1440923
1443389;1445837
1448303;1450751
1453217;1455665
1458131;1460579
1463045;1465493
1467959;1470407
1472873;1475321
1477787;1480235
1482701;1485149
1487615;1490063
1492529;1494977
1497443;1499891
1502357;1504805
1507271;1509719
1512185;1514633
1517099;1519547
1522013;1524461
1526927;1529375
1531841;1534289
1536755;1539203
1541669;1544117
1546583;1549031
1551497;1553945
1556411;1558859
1561325;1563773
1566239;1568687
1571153;1573601
1576067;1578515
1580981;1583429
1585895;1588343
1590809;1593257
1595723;1598171
1600637;1603085
1605551;1607999
1610465;1612913
1615379;1617827
1620293;1622741
1625207;1627655
1630121;1632569
1635035;1637483
1639949;1642397
1644863;1647311
1649777;1652225
1654691;1657139
1659605;1662053
1664519;1666967
1669433;1671881
1674347;1676795
1679261;1681709
1684175;1686623
1689089;1691537
1694003;1696451
1698917;1701365
1703831;1706279
1708745;1711193
1713659;1716107
1718573;1721021
1723487;1725935
1728401;1730849
1733315;1735763
1738229;1740677
1743143;1745591
1748057;1750505
1752971;1755419
1757885;1760333
1762799;1765247
1767713;1770161
1772627;1775075
1777541;1779989
1782455;1784903
1787369;1789817
1792283;1794731
1797197;1799645
1802111;1804559
1807025;1809473
1811939;1814387
1816853;1819301
1821767;1824215
1826681;1829129
1831595;1834043
1836509;1838957
1841423;1843871
1846337;1848785
1851251;1853699
1856165;1858613
1861079;1863527
1865993;1868441
1870907;1873355
1875821;1878269
1880735;1883183
1885649;1888097
1890563;1893011
1895477;1897925
1900391;1902839
1905305;1907753
1910219;1912667
1915133;1917581
1920047;1922495
1924961;1927409
1929875;1932323
1934789;1937237
1939703;1942151
1944617;1947065
1949531;1951979
1954445;1956893
1959359;1961807
1964273;1966721
1969187;1971635
1974101;1976549
1979015;1981463
1983929;1986377
1988843;1991291
1993757;1996205
1998671;2001119
2003585;2006033
2008499;2010947
2013413;2015861
2018327;2020775
2023241;2025689
2028155;2030603
2033069;2035517
2037983;2040431
2042897;2045345
2047811;2050259
2052725;2055173
2057639;2060087
2062553;2065001
2067467;2069915
2072381;2074829
2077295;2079743
2082209;2084657
2087123;2089571
2092037;2094485
2096951;2099401
2101869;2104319
2106787;2109237
2111705;2114155
2116623;2119073
2121541;2123991
2126459;2128909
2131377;2133827
2136295;2138745
2141213;2143663
2146131;2148581
2151049;2153499
2155967;2158417
2160885;2163335
2165803;2168253
2170721;2173171
2175639;2178089
2180557;2183007
2185475;2187925
2190393;2192843
2195311;2197761
2200229;2202679
2205147;2207597
2210065;2212515
2214983;2217433
2219901;2222351
2224819;2227269
2229737;2232187
2234655;2237105
2239573;2242023
2244491;2246941
2249409;2251859
2254327;2256777
2259245;2261695
2264163;2266613
2269081;2271531
2273999;2276449
2278917;2281367
2283835;2286285
2288753;2291203
2293671;2296121
2298589;2301039
2303507;2305957
2308425;2310875
2313343;2315793
2318261;2320711
2323179;2325629
2328097;2330547
2333015;2335465
2337933;2340383
2342851;2345301
2347769;2350219
2352687;2355137
2357605;2360055
2362523;2364973
2367441;2369891
2372359;2374809
2377277;2379727
2382195;2384645
2387113;2389563
2392031;2394481
2396949;2399399
2401867;2404317
2406785;2409235
2411703;2414153
2416621;2419071
2421539;2423989
2426457;2428907
2431375;2433825
2436293;2438743
2441211;2443661
2446129;2448579
2451047;2453497
2455965;2458415
2460883;2463333
2465801;2468251
2470719;2473169
2475637;2478087
2480555;2483005
2485473;2487923
2490391;2492841
2495309;2497759
2500227;2502677
2505145;2507595
2510063;2512513
2514981;2517431
2519899;2522349
2524817;2527267
2529735;2532185
2534653;2537103
2539571;2542021
2544489;2546939
2549407;2551857
2554325;2556775
2559243;2561693
2564161;2566611
2569079;2571529
2573997;2576447
2578915;2581365
2583833;2586283
2588751;2591201
2593669;2596119
2598587;2601037
2603505;2605955
2608423;2610873
2613341;2615791
2618259;2620709
2623177;2625627
2628095;2630545
2633013;2635463
2637931;2640381
2642849;2645299
2647767;2650217
2652685;2655135
2657603;2660053
2662521;2664971
2667439;2669889
2672357;2674807
2677275;2679725
2682193;2684643
2687111;2689561
2692029;2694479
2696947;2699397
2701865;2704315
2706783;2709233
2711701;2714151
2716619;2719069
2721537;2723987
2726455;2728905
2731373;2733823
2736291;2738741
2741209;2743659
2746127;2748577
2751045;2753495
2755963;2758413
2760881;2763331
2765799;2768249
2770717;2773167
2775635;2778085
2780553;2783003
2785471;2787921
2790389;2792839
2795307;2797757
2800225;2802675
2805143;2807593
2810061;2812511
2814979;2817429
2819897;2822347
2824815;2827265
2829733;2832183
2834651;2837101
2839569;2842019
2844487;2846937
2849405;2851855
2854323;2856773
2859241;2861691
2864159;2866609
2869077;2871527
2873995;2876445
2878913;2881363
2883831;2886281
2888749;2891199
2893667;2896117
2898585;2901035
2903503;2905953
2908421;2910871
2913339;2915789
2918257;2920707
2923175;2925625
2928093;2930543
2933011;2935461
2937929;2940379
2942847;2945297
2947765;2950215
2952683;2955133
2957601;2960051
2962519;2964969
2967437;2969887
2972355;2974805
2977273;2979723
2982191;2984641
2987109;2989559
2992027;2994477
2996945;2999395
3001863;3004313
3006781;3009231
3011699;3014149
3016617;3019067
3021535;3023985
3026453;3028903
3031371;3033821
3036289;3038739
3041207;3043657
3046125;3048575
3051043;3053493
3055961;3058411
3060879;3063329
3065797;3068247
3070715;3073165
3075633;3078083
3080551;3083001
3085469;3087919
3090387;3092837
3095305;3097755
3100223;3102673
3105141;3107591
3110059;3112509
3114977;3117427
3119895;3122345
3124813;3127263
3129731;3132181
3134649;3137099
3139567;3142017
3144485;3146935
3149403;3151853
3154321;3156771
3159239;3161689
3164157;3166607
3169075;3171525
3173993;3176443
3178911;3181361
3183829;3186279
3188747;3191197
3193665;3196115
3198583;3201033
3203501;3205951
3208419;3210869
3213337;3215787
3218255;3220705
3223173;3225623
3228091;3230541
3233009;3235459
3237927;3240377
3242845;3245295
3247763;3250213
3252681;3255131
3257599;3260049
3262517;3264967
3267435;3269885
3272353;3274803
3277271;3279721
3282189;3284639
3287107;3289557
3292025;3294475
3296943;3299393
3301861;3304311
3306779;3309229
3311697;3314147
3316615;3319065
3321533;3323983
3326451;3328901
3331369;3333819
3336287;3338737
3341205;3343655
3346123;3348573
3351041;3353491
3355959;3358409
3360877;3363327
3365795;3368245
3370713;3373163
3375631;3378081
3380549;3382999
3385467;3387917
3390385;3392835
3395303;3397753
3400221;3402671
3405139;3407589
3410057;3412507
3414975;3417425
3419893;3422343
3424811;3427261
3429729;3432179
3434647;3437097
3439565;3442015
3444483;3446933
3449401;3451851
3454319;3456769
3459237;3461687
3464155;3466605
3469073;3471523
3473991;3476441
3478909;3481359
3483827;3486277
3488745;3491195
3493663;3496113
3498581;3501031
3503499;3505949
3508417;3510867
3513335;3515785
3518253;3520703
3523171;3525621
3528089;3530539
3533007;3535457
3537925;3540375
3542843;3545293
3547761;3550211
3552679;3555129
3557597;3560047
3562515;3564965
3567433;3569883
3572351;3574801
3577269;3579719
3582187;3584637
3587105;3589555
3592023;3594473
3596941;3599391
3601859;3604309
3606777;3609227
3611695;3614145
3616613;3619063
3621531;3623981
3626449;3628899
3631367;3633817
3636285;3638735
3641203;3643653
3646121;3648571
3651039;3653489
3655957;3658407
3660875;3663325
3665793;3668243
3670711;3673161
3675629;3678079
3680547;3682997
3685465;3687915
3690383;3692833
3695301;3697751
3700219;3702669
3705137;3707587
3710055;3712505
3714973;3717423
3719891;3722341
3724809;3727259
3729727;3732177
3734645;3737095
3739563;3742013
3744481;3746931
3749399;3751849
3754317;3756767
3759235;3761685
3764153;3766603
3769071;3771521
3773989;3776439
3778907;3781357
3783825;3786275
3788743;3791193
3793661;3796111
3798579;3801029
3803497;3805947
3808415;3810865
3813333;3815783
3818251;3820701
3823169;3825619
3828087;3830537
3833005;3835455
3837923;3840373
3842841;3845291
3847759;3850209
3852677;3855127
3857595;3860045
3862513;3864963
3867431;3869881
3872349;3874799
3877267;3879717
3882185;3884635
3887103;3889553
3892021;3894471
3896939;3899389
3901857;3904307
3906775;3909225
3911693;3914143
3916611;3919061
3921529;3923979
3926447;3928897
3931365;3933815
3936283;3938733
3941201;3943651
3946119;3948569
3951037;3953487
3955955;3958405
3960873;3963323
3965791;3968241
3970709;3973159
3975627;3978077
3980545;3982995
3985463;3987913
3990381;3992831
3995299;3997749
4000217;4002667
4005135;4007585
4010053;4012503
4014971;4017421
4019889;4022339
4024807;4027257
4029725;4032175
4034643;4037093
4039561;4042011
4044479;4046929
4049397;4051847
4054315;4056765
4059233;4061683
4064151;4066601
4069069;4071519
4073987;4076437
4078905;4081355
4083823;4086273
4088741;4091191
4093659;4096109
4098577;4101027
4103495;4105945
4108413;4110863
4113331;4115781
4118249;4120699
4123167;4125617
4128085;4130535
4133003;4135453
4137921;4140371
4142839;4145289
4147757;4150207
4152675;4155125
4157593;4160043
4162511;4164961
4167429;4169879
4172347;4174797
4177265;4179715
4182183;4184633
4187101;4189551
4192019;4194469
4196937;4199387
4201855;4204305
4206773;4209223
4211691;4214141
4216609;4219059
4221527;4223977
4226445;4228895
4231363;4233813
4236281;4238731
4241199;4243649
4246117;4248567
4251035;4253485
4255953;4258403
4260871;4263321
4265789;4268239
4270707;4273157
4275625;4278075
4280543;4282993
4285461;4287911
4290379;4292829
4295297;4297747
4300215;4302665
4305133;4307583
4310051;4312501
4314969;4317419
4319887;4322337
4324805;4327255
4329723;4332173
4334641;4337091
4339559;4342009
4344477;4346927
4349395;4351845
4354313;4356763
4359231;4361681
4364149;4366599
4369067;4371517
4373985;4376435
4378903;4381353
4383821;4386271
4388739;4391189
4393657;4396107
4398575;4401025
4403493;4405943
4408411;4410861
4413329;4415779
4418247;4420697
4423165;4425615
4428083;4430533
4433001;4435451
4437919;4440369
4442837;4445287
4447755;4450205
4452673;4455123
4457591;4460041
4462509;4464959
4467427;4469877
4472345;4474795
4477263;4479713
4482181;4484631
4487099;4489549
4492017;4494467
4496935;4499385
4501853;4504303
4506771;4509221
4511689;4514139
4516607;4519057
4521525;4523975
4526443;4528893
4531361;4533811
4536279;4538729
4541197;4543647
4546115;4548565
4551033;4553483
4555951;4558401
4560869;4563319
4565787;4568237
4570705;4573155
4575623;4578073
4580541;4582991
4585459;4587909
4590377;4592827
4595295;4597745
4600213;4602663
4605131;4607581
4610049;4612499
4614967;4617417
4619885;4622335
4624803;4627253
4629721;4632171
4634639;4637089
4639557;4642007
4644475;4646925
4649393;4651843
4654311;4656761
4659229;4661679
4664147;4666597
4669065;4671515
4673983;4676433
4678901;4681351
4683819;4686269
4688737;4691187
4693655;4696105
4698573;4701023
4703491;4705941
4708409;4710859
4713327;4715777
4718245;4720695
4723163;4725613
4728081;4730531
4732999;4735449
4737917;4740367
4742835;4745285
4747753;4750203
4752671;4755121
4757589;4760039
4762507;4764957
4767425;4769875
4772343;4774793
4777261;4779711
4782179;4784629
4787097;4789547
4792015;4794465
4796933;4799383
4801851;4804301
4806769;4809219
4811687;4814137
4816605;4819055
4821523;4823973
4826441;4828891
4831359;4833809
4836277;4838727
4841195;4843645
4846113;4848563
4851031;4853481
4855949;4858399
4860867;4863317
4865785;4868235
4870703;4873153
4875621;4878071
4880539;4882989
4885457;4887907
4890375;4892825
4895293;4897743
4900211;4902661
4905129;4907579
4910047;4912497
4914965;4917415
4919883;4922333
4924801;4927251
4929719;4932169
4934637;4937087
4939555;4942005
4944473;4946923
4949391;4951841
4954309;4956759
4959227;4961677
4964145;4966595
4969063;4971513
4973981;4976431
4978899;4981349
4983817;4986267
4988735;4991185
4993653;4996103
4998571;5001021
5003489;5005939
5008407;5010857
5013325;5015775
5018243;5020693
5023161;5025611
5028079;5030529
5032997;5035447
5037915;5040365
5042833;5045283
5047751;5050201
5052669;5055119
5057587;5060037
5062505;5064955
5067423;5069873
5072341;5074791
5077259;5079709
5082177;5084627
5087095;5089545
5092013;5094463
5096931;5099381
5101849;5104299
5106767;5109217
5111685;5114135
5116603;5119053
5121521;5123971
5126439;5128889
5131357;5133807
5136275;5138725
5141193;5143643
5146111;5148561
5151029;5153479
5155947;5158397
5160865;5163315
5165783;5168233
5170701;5173151
5175619;5178069
5180537;5182987
5185455;5187905
5190373;5192823
5195291;5197741
5200209;5202659
5205127;5207577
5210045;5212495
5214963;5217413
5219881;5222331
5224799;5227249
5229717;5232167
5234635;5237085
5239553;5242003
5244471;5246921
5249389;5251839
5254307;5256757
5259225;5261675
5264143;5266593
5269061;5271511
5273979;5276429
5278897;5281347
5283815;5286265
5288733;5291183
5293651;5296101
5298569;5301019
5303487;5305937
5308405;5310855
5313323;5315773
5318241;5320691
5323159;5325609
5328077;5330527
5332995;5335445
5337913;5340363
5342831;5345281
5347749;5350199
5352667;5355117
5357585;5360035
5362503;5364953
5367421;5369871
5372339;5374789
5377257;5379707
5382175;5384625
5387093;5389543
5392011;5394461
5396929;5399379
5401847;5404297
5406765;5409215
5411683;5414133
5416601;5419051
5421519;5423969
5426437;5428887
5431355;5433805
5436273;5438723
5441191;5443641
5446109;5448559
5451027;5453477
5455945;5458395
5460863;5463313
5465781;5468231
5470699;5473149
5475617;5478067
5480535;5482985
5485453;5487903
5490371;5492821
5495289;5497739
5500207;5502657
5505125;5507575
5510043;5512493
5514961;5517411
5519879;5522329
5524797;5527247
5529715;5532165
5534633;5537083
5539551;5542001
5544469;5546919
5549387;5551837
5554305;5556755
5559223;5561673
5564141;5566591
5569059;5571509
5573977;5576427
5578895;5581345
5583813;5586263
5588731;5591181
5593649;5596099
5598567;5601017
5603485;5605935
5608403;5610853
5613321;5615771
5618239;5620689
5623157;5625607
5628075;5630525
5632993;5635443
5637911;5640361
5642829;5645279
5647747;5650197
5652665;5655115
5657583;5660033
5662501;5664951
5667419;5669869
5672337;5674787
5677255;5679705
5682173;5684623
5687091;5689541
5692009;5694459
5696927;5699377
5701845;5704295
5706763;5709213
5711681;5714131
5716599;5719049
5721517;5723967
5726435;5728885
5731353;5733803
5736271;5738721
5741189;5743639
5746107;5748557
5751025;5753475
5755943;5758393
5760861;5763311
5765779;5768229
5770697;5773147
5775615;5778065
5780533;5782983
5785451;5787901
5790369;5792819
5795287;5797737
5800205;5802655
5805123;5807573
5810041;5812491
5814959;5817409
5819877;5822327
5824795;5827245
5829713;5832163
5834631;5837081
5839549;5841999
5844467;5846917
5849385;5851835
5854303;5856753
5859221;5861671
5864139;5866589
5869057;5871507
5873975;5876425
5878893;5881343
5883811;5886261
5888729;5891179
5893647;5896097
5898565;5901015
5903483;5905933
5908401;5910851
5913319;5915769
5918237;5920687
5923155;5925605
5928073;5930523
5932991;5935441
5937909;5940359
5942827;5945277
5947745;5950195
5952663;5955113
5957581;5960031
5962499;5964949
5967417;5969867
5972335;5974785
5977253;5979703
5982171;5984621
5987089;5989539
5992007;5994457
5996925;5999375
6001843;6004293
6006761;6009211
6011679;6014129
6016597;6019047
6021515;6023965
